{"success":3,"failures":0,"time":0.000000}
Testing suite-name.
This run has ID `<uuid>`.
