Testing `check_long'.
This run has ID `<uuid>'.

  ...           wrapping          0   string.ASSERT string
  [ERROR]       wrapping          0   string.
  ...           wrapping          1   list.ASSERT list
  [ERROR]       wrapping          1   list.
  ...           wrapping          2   array.ASSERT array
  [ERROR]       wrapping          2   array.
  ...           wrapping          3   (int * int) list.ASSERT (int * int) list
  [ERROR]       wrapping          3   (int * int) list.
  ...           wrapping          4   nested options.ASSERT nested options
  [ERROR]       wrapping          4   nested options.

┌──────────────────────────────────────────────────────────────────────────────┐
│ [ERROR]       wrapping          0   string.                                  │
└──────────────────────────────────────────────────────────────────────────────┘
ERROR string

   Expected: This is the very last straw
   Received: This is the first straw
 ──────────────────────────────────────────────────────────────────────────────


┌──────────────────────────────────────────────────────────────────────────────┐
│ [ERROR]       wrapping          1   list.                                    │
└──────────────────────────────────────────────────────────────────────────────┘
ERROR list

   Expected: [a; b; c; d; e; f; g; h; i; j; k; l; m; n; o; p; q; r; s; 
              t; u; v; w; x; y; z; A; a; b; c; d; e; f; g; h; i; j; k; 
              l; m; n; o; p; q; r; s; t; u; v; w; x; y; z]

   Received: [a; b; c; d; e; f; g; h; i; j; k; l; m; n; o; p; q; r; s; 
              t; u; v; w; x; y; z; B; a; b; c; d; e; f; g; h; i; j; k; 
              l; m; n; o; p; q; r; s; t; u; v; w; x; y; z]
 ──────────────────────────────────────────────────────────────────────────────


┌──────────────────────────────────────────────────────────────────────────────┐
│ [ERROR]       wrapping          2   array.                                   │
└──────────────────────────────────────────────────────────────────────────────┘
ERROR array

   Expected: [|0; 1; 2; 3; 4; 5; 6; 7; 8; 9; 10; 11; 12; 13; 14; 15; 
               16; 17; 18; 19; 20; 21; 22; 23; 24; 25; 26; 27; 28; 29; 
               30; 31; 32; 33; 34; 35; 36; 37; 38; 39; 40; 41; 42; 43; 
               44; 45; 46; 47; 48; 49; 50; 51; 52; 53; 54; 55; 56; 57; 
               58; 59; 60; 61; 62; 63; 64; 65; 66; 67; 68; 69; 70; 71; 
               72; 73; 74; 75; 76; 77; 78; 79; 80; 81; 82; 83; 84; 85; 
               86; 87; 88; 89; 90; 91; 92; 93; 94; 95; 96; 97; 98; 99;
               9223372036854775807|]

   Received: [|0; 1; 2; 3; 4; 5; 6; 7; 8; 9; 10; 11; 12; 13; 14; 15; 
               16; 17; 18; 19; 20; 21; 22; 23; 24; 25; 26; 27; 28; 29; 
               30; 31; 32; 33; 34; 35; 36; 37; 38; 39; 40; 41; 42; 43; 
               44; 45; 46; 47; 48; 49; 50; 51; 52; 53; 54; 55; 56; 57; 
               58; 59; 60; 61; 62; 63; 64; 65; 66; 67; 68; 69; 70; 71; 
               72; 73; 74; 75; 76; 77; 78; 79; 80; 81; 82; 83; 84; 85; 
               86; 87; 88; 89; 90; 91; 92; 93; 94; 95; 96; 97; 98; 99;
               -9223372036854775808|]
 ──────────────────────────────────────────────────────────────────────────────


┌──────────────────────────────────────────────────────────────────────────────┐
│ [ERROR]       wrapping          3   (int * int) list.                        │
└──────────────────────────────────────────────────────────────────────────────┘
ERROR (int * int) list

   Expected: [(0, 1); (2, 3); (4, 5)]
   Received: [(1, 1); (0, 1); (2, 3); (4, 5)]
 ──────────────────────────────────────────────────────────────────────────────


┌──────────────────────────────────────────────────────────────────────────────┐
│ [ERROR]       wrapping          4   nested options.                          │
└──────────────────────────────────────────────────────────────────────────────┘
ERROR nested options

   Expected: Some
               Some
                 Some
                   Some
                     Some
                       Some
                         Some
                           Some
                             Some
                               Some
                                 Some
                                   Some
                                     Some
                                       Some
                                         Some
                                           Some
                                             Some
                                               Some
                                                 Some
                                                   Some
                                                     Some
                                                       Some
                                                         Some
                                                           Some
                                                             Some
                                                               Some
                                                                 Some
                                                                   Some
                                                                    Some
                                                                    Some
                                                                    Some
                                                                    Some
                                                                    Some
                                                                    Some
                                                                    Some 1

   Received: Some
               Some
                 Some
                   Some
                     Some
                       Some
                         Some
                           Some
                             Some
                               Some
                                 Some
                                   Some
                                     Some
                                       Some
                                         Some
                                           Some
                                             Some
                                               Some
                                                 Some
                                                   Some
                                                     Some
                                                       Some
                                                         Some
                                                           Some
                                                             Some
                                                               Some
                                                                 Some
                                                                   Some
                                                                    Some
                                                                    Some
                                                                    Some
                                                                    Some
                                                                    Some
                                                                    Some
                                                                    Some 2
 ──────────────────────────────────────────────────────────────────────────────

5 errors! in <test-duration>s. 5 tests run.
