Error: "with/separator" is not a valid test label (must match ^[a-zA-Z0-9 _-]+$).
